#-----------------------------------------------------------
# Vivado v2023.2 (64-bit)
# SW Build 4029153 on Fri Oct 13 20:14:34 MDT 2023
# IP Build 4028589 on Sat Oct 14 00:45:43 MDT 2023
# SharedData Build 4025554 on Tue Oct 10 17:18:54 MDT 2023
# Start of session at: Wed Aug 21 10:48:46 2024
# Process ID: 13420
# Current directory: C:/Users/sginu/OneDrive/Desktop/EGEC/EGEC 446/LFSR_PRNG/LFSR_PRNG.sim/sim_1/behav/xsim
# Command line: vivado.exe -gui_launcher_event rodinguilauncherevent8832 C:\Users\sginu\OneDrive\Desktop\EGEC\EGEC 446\LFSR_PRNG\LFSR_PRNG.sim\sim_1\behav\xsim\lfsr_tb_behav.wdb
# Log file: C:/Users/sginu/OneDrive/Desktop/EGEC/EGEC 446/LFSR_PRNG/LFSR_PRNG.sim/sim_1/behav/xsim/vivado.log
# Journal file: C:/Users/sginu/OneDrive/Desktop/EGEC/EGEC 446/LFSR_PRNG/LFSR_PRNG.sim/sim_1/behav/xsim\vivado.jou
# Running On: SG, OS: Windows, CPU Frequency: 3187 MHz, CPU Physical cores: 12, Host memory: 16802 MB
#-----------------------------------------------------------
start_gui
open_wave_database {C:\Users\sginu\OneDrive\Desktop\EGEC\EGEC 446\LFSR_PRNG\LFSR_PRNG.sim\sim_1\behav\xsim\lfsr_tb_behav.wdb}
close_sim
